
> vite_react_shadcn_ts@0.0.0 build
> vite build

[36mvite v5.4.19 [32mbuilding for production...[36m[39m
transforming...
node.exe : Browserslist: 
browsers data 
(caniuse-lite) is 10 
months old. Please run:
Au caractère Ligne:1 : 1
+ & "C:\Program 
Files\nodejs/node.exe" 
"C:\Program 
Files\nodejs/node_mo ...
+ ~~~~~~~~~~~~~~~~~~~~~~~~~
~~~~~~~~~~~~~~~~~~~~~~~~~~~
~~~~~~~~~~~~~~~~~
    + CategoryInfo         
     : NotSpecified: (Bro  
  wserslist: b...ld. Ple   
 ase run::String) [], R    
emoteException
    + FullyQualifiedErrorI 
   d : NativeCommandError
 
  npx update-browserslist-d
b@latest
  Why you should do it 
regularly: https://github.c
om/browserslist/update-db#r
eadme
[32mÔ£ô[39m 2194 modules transformed.
rendering chunks...
computing gzip size...
[2mdist/[22m[32mindex.html                          [39m[1m[2m    2.09 kB[22m[1m[22m[2m Ôöé gzip:   0.77 kB[22m
[2mdist/[22m[32massets/chams-portrait-DbSQZy95.jpg  [39m[1m[2m2,545.31 kB[22m[1m[22m
[2mdist/[22m[35massets/index-D7HPlKhn.css           [39m[1m[2m   94.09 kB[22m[1m[22m[2m Ôöé gzip:  15.06 kB[22m
[2mdist/[22m[36massets/index-6um5PZe5.js            [39m[1m[33m1,128.65 kB[39m[22m[2m Ôöé gzip: 339.47 kB[22m
[33m
(!) Some chunks are larger 
than 500 kB after 
minification. Consider:
- Using dynamic import() 
to code-split the 
application
- Use build.rollupOptions.o
utput.manualChunks to 
improve chunking: https://r
ollupjs.org/configuration-o
ptions/#output-manualchunks
- Adjust chunk size limit 
for this warning via build.
chunkSizeWarningLimit.[39m
[32mÔ£ô built in 6.39s[39m
